#-----------------------------------------------------------
# Vivado v2024.2 (64-bit)
# SW Build 5239630 on Fri Nov 08 22:35:27 MST 2024
# IP Build 5239520 on Sun Nov 10 16:12:51 MST 2024
# SharedData Build 5239561 on Fri Nov 08 14:39:27 MST 2024
# Start of session at: Thu Mar 26 02:40:54 2026
# Process ID         : 27596
# Current directory  : C:/Users/Vikram/Desktop/GPGPU/project_3
# Command line       : vivado.exe -gui_launcher_event rodinguilauncherevent20460 C:\Users\Vikram\Desktop\GPGPU\project_3\project_3.xpr
# Log file           : C:/Users/Vikram/Desktop/GPGPU/project_3/vivado.log
# Journal file       : C:/Users/Vikram/Desktop/GPGPU/project_3\vivado.jou
# Running On         : LAPTOP-TQHMFDPR
# Platform           : Windows Server 2016 or Windows 10
# Operating System   : 26100
# Processor Detail   : 13th Gen Intel(R) Core(TM) i7-13700H
# CPU Frequency      : 2918 MHz
# CPU Physical cores : 14
# CPU Logical cores  : 20
# Host memory        : 16908 MB
# Swap memory        : 11097 MB
# Total Virtual      : 28005 MB
# Available Virtual  : 8108 MB
#-----------------------------------------------------------
start_gui
open_project C:/Users/Vikram/Desktop/GPGPU/project_3/project_3.xpr
INFO: [filemgmt 56-3] Default IP Output Path : Could not find the directory 'C:/Users/Vikram/Desktop/GPGPU/project_3/project_3.gen/sources_1'.
Scanning sources...
Finished scanning sources
INFO: [IP_Flow 19-234] Refreshing IP repositories
INFO: [IP_Flow 19-1704] No user IP repositories specified
INFO: [IP_Flow 19-2313] Loaded Vivado IP repository 'D:/Vivado/2024.2/data/ip'.
open_project: Time (s): cpu = 00:00:11 ; elapsed = 00:00:08 . Memory (MB): peak = 1209.355 ; gain = 105.543
update_compile_order -fileset sources_1
